
CustomHttpClient exception in the Adapter::GET| Message:Unable to read stream contents| Report has been generated at:2021-04-20 20:32:32
CustomHttpClient exception in the Adapter::GET| Message:No handler has been specified| Report has been generated at:2021-04-20 20:38:24
CustomHttpClient exception in the Adapter::GET| Message:No handler has been specified| Report has been generated at:2021-04-20 20:38:52
CustomHttpClient exception in the Adapter::GET| Message:No handler has been specified| Report has been generated at:2021-04-20 20:39:02
CustomHttpClient exception in the Adapter::GET| Message:No handler has been specified| Report has been generated at:2021-04-20 20:39:48
CustomHttpClient exception in the Adapter::GET| Message:No handler has been specified| Report has been generated at:2021-04-20 20:39:54
CustomHttpClient exception in the Adapter::GET| Message:No handler has been specified| Report has been generated at:2021-04-20 20:40:32
CustomHttpClient exception in the Adapter::GET| Message:Client error: `GET https://api.thecatapi.com/v1/breeds?limit=-1` resulted in a `400 Bad Request` response:
{"message":"INVALID_DATA","status":400,"level":"info"}
| Report has been generated at:2021-04-22 12:59:15
